// Jest Snapshot v1, https://goo.gl/fbAQLP

exports[`PageTitle Component Return title 1`] = `null`;
